MSBuild-Version 17.14.23+b0019275e f├╝r .NET Framework

  glad.vcxproj -> C:\Users\ylber\Downloads\r9-hyper-core\HighPerformanceVoxelEngine\build\_deps\libigl_glad-build\Release\glad.lib
  glfw.vcxproj -> C:\Users\ylber\Downloads\r9-hyper-core\HighPerformanceVoxelEngine\build\_deps\glfw-build\src\Release\glfw3.lib
  Application.cpp
  main.cpp
  IndirectBuffer.cpp
C:\Users\ylber\Downloads\r9-hyper-core\HighPerformanceVoxelEngine\src\core\Application.cpp(59,41): error C3861: "glfwGetTime": Bezeichner wurde nicht gefunden. [C:\Users\ylber\Downloads\r9-hyper-core\HighPerformanceVoxelEngine\build\HighPerformanceVoxelEngine.vcxproj]
C:\Users\ylber\Downloads\r9-hyper-core\HighPerformanceVoxelEngine\src\main.cpp(1,10): error C1083: Datei (Include) kann nicht ge├Âffnet werden: "src/core/Application.h": No such file or directory [C:\Users\ylber\Downloads\r9-hyper-core\HighPerformanceVoxelEngine\build\HighPerformanceVoxelEngine.vcxproj]
C:\Users\ylber\Downloads\r9-hyper-core\HighPerformanceVoxelEngine\src\renderer\IndirectBuffer.cpp(6,9): error C3861: "glCreateBuffers": Bezeichner wurde nicht gefunden. [C:\Users\ylber\Downloads\r9-hyper-core\HighPerformanceVoxelEngine\build\HighPerformanceVoxelEngine.vcxproj]
C:\Users\ylber\Downloads\r9-hyper-core\HighPerformanceVoxelEngine\src\renderer\IndirectBuffer.cpp(20,13): error C3861: "glNamedBufferData": Bezeichner wurde nicht gefunden. [C:\Users\ylber\Downloads\r9-hyper-core\HighPerformanceVoxelEngine\build\HighPerformanceVoxelEngine.vcxproj]
  Mesh.cpp
C:\Users\ylber\Downloads\r9-hyper-core\HighPerformanceVoxelEngine\src\renderer\Mesh.cpp(7,9): error C3861: "glCreateVertexArrays": Bezeichner wurde nicht gefunden. [C:\Users\ylber\Downloads\r9-hyper-core\HighPerformanceVoxelEngine\build\HighPerformanceVoxelEngine.vcxproj]
C:\Users\ylber\Downloads\r9-hyper-core\HighPerformanceVoxelEngine\src\renderer\Mesh.cpp(8,9): error C3861: "glCreateBuffers": Bezeichner wurde nicht gefunden. [C:\Users\ylber\Downloads\r9-hyper-core\HighPerformanceVoxelEngine\build\HighPerformanceVoxelEngine.vcxproj]
C:\Users\ylber\Downloads\r9-hyper-core\HighPerformanceVoxelEngine\src\renderer\Mesh.cpp(9,9): error C3861: "glCreateBuffers": Bezeichner wurde nicht gefunden. [C:\Users\ylber\Downloads\r9-hyper-core\HighPerformanceVoxelEngine\build\HighPerformanceVoxelEngine.vcxproj]
C:\Users\ylber\Downloads\r9-hyper-core\HighPerformanceVoxelEngine\src\renderer\Mesh.cpp(12,9): error C3861: "glVertexArrayVertexBuffer": Bezeichner wurde nicht gefunden. [C:\Users\ylber\Downloads\r9-hyper-core\HighPerformanceVoxelEngine\build\HighPerformanceVoxelEngine.vcxproj]
C:\Users\ylber\Downloads\r9-hyper-core\HighPerformanceVoxelEngine\src\renderer\Mesh.cpp(16,9): error C3861: "glEnableVertexArrayAttrib": Bezeichner wurde nicht gefunden. [C:\Users\ylber\Downloads\r9-hyper-core\HighPerformanceVoxelEngine\build\HighPerformanceVoxelEngine.vcxproj]
C:\Users\ylber\Downloads\r9-hyper-core\HighPerformanceVoxelEngine\src\renderer\Mesh.cpp(17,9): error C3861: "glVertexArrayAttribIFormat": Bezeichner wurde nicht gefunden. [C:\Users\ylber\Downloads\r9-hyper-core\HighPerformanceVoxelEngine\build\HighPerformanceVoxelEngine.vcxproj]
C:\Users\ylber\Downloads\r9-hyper-core\HighPerformanceVoxelEngine\src\renderer\Mesh.cpp(18,9): error C3861: "glVertexArrayAttribBinding": Bezeichner wurde nicht gefunden. [C:\Users\ylber\Downloads\r9-hyper-core\HighPerformanceVoxelEngine\build\HighPerformanceVoxelEngine.vcxproj]
C:\Users\ylber\Downloads\r9-hyper-core\HighPerformanceVoxelEngine\src\renderer\Mesh.cpp(20,9): error C3861: "glVertexArrayElementBuffer": Bezeichner wurde nicht gefunden. [C:\Users\ylber\Downloads\r9-hyper-core\HighPerformanceVoxelEngine\build\HighPerformanceVoxelEngine.vcxproj]
C:\Users\ylber\Downloads\r9-hyper-core\HighPerformanceVoxelEngine\src\renderer\Mesh.cpp(42,9): error C3861: "glNamedBufferData": Bezeichner wurde nicht gefunden. [C:\Users\ylber\Downloads\r9-hyper-core\HighPerformanceVoxelEngine\build\HighPerformanceVoxelEngine.vcxproj]
C:\Users\ylber\Downloads\r9-hyper-core\HighPerformanceVoxelEngine\src\renderer\Mesh.cpp(59,9): error C3861: "glNamedBufferData": Bezeichner wurde nicht gefunden. [C:\Users\ylber\Downloads\r9-hyper-core\HighPerformanceVoxelEngine\build\HighPerformanceVoxelEngine.vcxproj]
  Renderer.cpp
C:\Users\ylber\Downloads\r9-hyper-core\HighPerformanceVoxelEngine\src\renderer\Renderer.cpp(13,18): error C2065: "GL_DEBUG_OUTPUT": nichtdeklarierter Bezeichner [C:\Users\ylber\Downloads\r9-hyper-core\HighPerformanceVoxelEngine\build\HighPerformanceVoxelEngine.vcxproj]
C:\Users\ylber\Downloads\r9-hyper-core\HighPerformanceVoxelEngine\src\renderer\Renderer.cpp(14,18): error C2065: "GL_DEBUG_OUTPUT_SYNCHRONOUS": nichtdeklarierter Bezeichner [C:\Users\ylber\Downloads\r9-hyper-core\HighPerformanceVoxelEngine\build\HighPerformanceVoxelEngine.vcxproj]
  Shader.cpp
C:\Users\ylber\Downloads\r9-hyper-core\HighPerformanceVoxelEngine\src\renderer\Shader.cpp(33,37): error C2065: "GL_COMPUTE_SHADER": nichtdeklarierter Bezeichner [C:\Users\ylber\Downloads\r9-hyper-core\HighPerformanceVoxelEngine\build\HighPerformanceVoxelEngine.vcxproj]
  Generation.cpp
C:\Users\ylber\Downloads\r9-hyper-core\HighPerformanceVoxelEngine\src\world\Generation.cpp(2,10): error C1083: Datei (Include) kann nicht ge├Âffnet werden: "FastNoiseLite.h": No such file or directory [C:\Users\ylber\Downloads\r9-hyper-core\HighPerformanceVoxelEngine\build\HighPerformanceVoxelEngine.vcxproj]
  Code wird generiert...
  glm.vcxproj -> C:\Users\ylber\Downloads\r9-hyper-core\HighPerformanceVoxelEngine\build\_deps\glm-build\glm\Release\glm.lib
